[2026-08-23 15:09:03] p5 seg smoke start — run=260823_v3p5_segsmoke_A scene=scene01
=== data run 260823_v3p5_segsmoke_A ===
scenes ['scene01']
conds  ['L0']
cams   1 · seed 20260823
  scene01    split=val   class=C' daz_data=35 conds=['L0']

[budget]  measured constants: t_cut 2.87 s (spec assumed 0.7) · t_boot 34.3 s · t_swap 1.4 s · r_reject 0.02
          1 cuts · 1 scenes · 1 conditions · 1 cameras
          render 0.0 min + boot 0.6 min + sky 0.00 min = 0.6 min (0.01 h), overhead 92 %
[assets] L0:qwantani_noon_puresky_4k_lookfix_cap0.6.exr

[render] scene01 (main) -> /home/vislab/Desktop/work_sy/Practice_NegObs/dataset/260823_v3p5_segsmoke_A/val/scene01
         conds ['L0']
[SCENE_CONFIG] override 적용: {"hazard_stairs": true}
[Warning] [simulation_app.simulation_app] Modules: ['omni.kit_app'] were loaded before SimulationApp was started and might not be loaded correctly.
[Warning] [simulation_app.simulation_app] Please check to make sure no extra omniverse or pxr modules are imported before the call to SimulationApp(...)
Starting kit application with the following args:  ['/home/vislab/miniconda3/envs/env_isaaclab/lib/python3.10/site-packages/isaacsim/exts/isaacsim.simulation_app/isaacsim/simulation_app/simulation_app.py', '/home/vislab/miniconda3/envs/env_isaaclab/lib/python3.10/site-packages/isaacsim/apps/isaacsim.exp.base.python.kit', '--/app/tokens/exe-path=/home/vislab/miniconda3/envs/env_isaaclab/lib/python3.10/site-packages/omni', '--/persistent/app/viewport/displayOptions=3094', '--/rtx/materialDb/syncLoads=True', '--/rtx/hydra/materialSyncLoads=True', '--/omni.kit.plugin/syncUsdLoads=True', '--/app/renderer/resolution/width=1920', '--/app/renderer/resolution/height=1080', '--/app/window/width=1440', '--/app/window/height=900', '--/renderer/multiGpu/enabled=True', '--/app/fastShutdown=True', '--/app/installSignalHandlers=0', '--ext-folder', '/home/vislab/miniconda3/envs/env_isaaclab/lib/python3.10/site-packages/isaacsim/exts', '--ext-folder', '/home/vislab/miniconda3/envs/env_isaaclab/lib/python3.10/site-packages/isaacsim/apps', '--/physics/cudaDevice=0', '--portable', '--no-window', '--/app/window/hideUi=1']
Passing the following args to the base kit application:  []
[Info] [carb] Logging to file: /home/vislab/miniconda3/envs/env_isaaclab/lib/python3.10/site-packages/omni/logs/Kit/Isaac-Sim Python/4.5/kit_20260823_150904.log
2026-08-23 06:09:04 [0ms] [Warning] [omni.kit.app.plugin] No crash reporter present, dumps uploading isn't available.
[0.042s] [ext: omni.kit.async_engine-0.0.1] startup
[0.127s] [ext: omni.metrics.core-0.0.1] startup
[0.128s] [ext: omni.client.lib-1.0.0] startup
[0.159s] [ext: omni.blobkey-1.1.2] startup
[0.159s] [ext: omni.stats-1.0.1] startup
[0.161s] [ext: omni.datastore-0.0.0] startup
[0.172s] [ext: omni.client-1.2.2] startup
[0.235s] [ext: omni.ujitso.default-1.0.0] startup
[0.241s] [ext: omni.hsscclient-1.1.1] startup
[0.252s] [ext: omni.gpu_foundation.shadercache.vulkan-1.0.0] startup
[0.258s] [ext: omni.assets.plugins-0.0.0] startup
[0.262s] [ext: omni.gpu_foundation-0.0.0] startup
[0.324s] [ext: carb.windowing.plugins-1.0.0] startup
2026-08-23 06:09:04 [318ms] [Warning] [carb.windowing-glfw.gamepad] Joystick with unknown remapping detected (will be ignored):  input-remapper gamepad [03000000010000000100000001000000]
[0.335s] [ext: omni.kit.renderer.init-0.0.0] startup

|---------------------------------------------------------------------------------------------|
| Driver Version: 580.173.02    | Graphics API: Vulkan
|=============================================================================================|
| GPU | Name                             | Active | LDA | GPU Memory | Vendor-ID | LUID       |
|     |                                  |        |     |            | Device-ID | UUID       |
|     |                                  |        |     |            | Bus-ID    |            |
|---------------------------------------------------------------------------------------------|
| 0   | NVIDIA GeForce RTX 4090          | Yes: 0 |     | 24564   MB | 10de      | 0          |
|     |                                  |        |     |            | 2684      | d1867ec8.. |
|     |                                  |        |     |            | 1         |            |
|=============================================================================================|
| OS: 22.04.5 LTS (Jammy Jellyfish) ubuntu, Version: 22.04.5, Kernel: 6.8.0-136-generic
| XServer Vendor: The X.Org Foundation, XServer Version: 12101004 (1.21.1.4)
| Processor: Intel(R) Core(TM) i7-14700KF
| Bare Metal Cores: 20 | Bare Metal Logical Cores: 40
| Available Cores:  28 
|---------------------------------------------------------------------------------------------|
| Total Memory (MB): 31898 | Free Memory: 20127
| Total Page/Swap (MB): 2047 | Free Page/Swap: 0
|---------------------------------------------------------------------------------------------|
2026-08-23 06:09:05 [993ms] [Warning] [gpu.foundation.plugin] IOMMU is enabled.
[1.125s] [ext: omni.kit.pipapi-0.0.0] startup
[1.127s] [ext: omni.materialx.libs-1.0.6] startup
[1.135s] [ext: omni.kit.pip_archive-0.0.0] startup
[1.136s] [ext: omni.usd.config-1.0.5] startup
[1.141s] [ext: omni.gpucompute.plugins-0.0.0] startup
[1.142s] [ext: omni.usd.libs-1.0.1] startup
[1.262s] [ext: omni.mdl-55.0.1] startup
[1.276s] [ext: omni.iray.libs-0.0.0] startup
[1.357s] [ext: omni.mdl.neuraylib-0.2.10] startup
[1.360s] [ext: omni.kit.usd.mdl-1.0.7] startup
[1.467s] [ext: omni.kit.telemetry-0.5.1] startup
[1.486s] [ext: omni.kit.loop-isaac-1.2.1] startup
[1.488s] [ext: omni.kit.test-1.1.2] startup
[1.537s] [ext: omni.appwindow-1.1.9] startup
[1.539s] [ext: omni.kit.renderer.core-1.0.2] startup
[1.625s] [ext: omni.kit.renderer.capture-0.0.0] startup
[1.629s] [ext: omni.kit.renderer.imgui-1.0.2] startup
[1.714s] [ext: omni.ui-2.26.5] startup
[1.724s] [ext: omni.kit.mainwindow-1.0.3] startup
[1.726s] [ext: carb.audio-0.1.0] startup
[1.738s] [ext: omni.uiaudio-1.0.0] startup
[1.740s] [ext: omni.kit.uiapp-0.0.0] startup
[1.740s] [ext: omni.usd.schema.metrics.assembler-106.5.0] startup
[1.749s] [ext: omni.usd.schema.anim-0.0.0] startup
[1.775s] [ext: omni.usd.schema.audio-0.0.0] startup
[1.778s] [ext: omni.usd.schema.isaac-3.0.2] startup
[1.778s] [ext: omni.usd.schema.omnigraph-1.0.0] startup
[1.784s] [ext: omni.usd.schema.forcefield-106.5.7] startup
[1.793s] [ext: omni.usd.schema.semantics-0.0.0] startup
[1.795s] [ext: omni.usd.schema.physx-106.5.7] startup
[1.820s] [ext: omni.usd.schema.geospatial-0.0.0] startup
[1.824s] [ext: omni.usd_resolver-1.0.0] startup
[1.829s] [ext: omni.kit.window.popup_dialog-2.0.24] startup
[1.833s] [ext: usdrt.scenegraph-7.5.1] startup
[1.870s] [ext: omni.timeline-1.0.11] startup
[1.873s] [ext: omni.usd.core-1.4.2] startup
[1.876s] [ext: omni.resourcemonitor-107.0.0] startup
[1.878s] [ext: omni.activity.core-1.0.1] startup
[1.879s] [ext: omni.kit.widget.nucleus_connector-1.1.10] startup
[1.881s] [ext: omni.hydra.usdrt_delegate-7.5.1] startup
[1.891s] [ext: omni.kit.actions.core-1.0.0] startup
[1.893s] [ext: omni.graph.exec-0.9.4] startup
[1.894s] [ext: omni.kit.commands-1.4.9] startup
[1.897s] [ext: omni.kit.usd_undo-0.1.8] startup
[1.898s] [ext: omni.kit.exec.core-0.13.4] startup
[1.900s] [ext: omni.kit.audiodeviceenum-1.0.1] startup
[1.902s] [ext: omni.hydra.scene_delegate-0.3.3] startup
[1.908s] [ext: omni.usd-1.12.4] startup
[1.948s] [ext: omni.inspect-1.0.1] startup
[1.949s] [ext: omni.kit.notification_manager-1.0.9] startup
[1.951s] [ext: omni.graph.core-2.181.8] startup
[1.955s] [ext: isaacsim.core.deprecation_manager-0.2.2] startup
[1.956s] [ext: omni.usd.schema.omniscripting-1.0.0] startup
[1.961s] [ext: isaacsim.robot.schema-3.1.2] startup
[1.968s] [ext: omni.kit.asset_converter-2.8.3] startup
[1.983s] [ext: omni.kit.menu.core-1.1.2] startup
[1.984s] [ext: omni.kvdb-106.5.7] startup
[1.985s] [ext: omni.kit.widget.context_menu-1.2.4] startup
[1.987s] [ext: omni.kit.usd.layers-2.2.0] startup
[1.995s] [ext: omni.kit.property.adapter.core-1.0.2] startup
[1.996s] [ext: omni.localcache-106.5.7] startup
[1.998s] [ext: omni.convexdecomposition-106.5.7] startup
[2.002s] [ext: omni.warp.core-1.5.0] startup
[2.083s] [ext: omni.kit.context_menu-1.8.3] startup
[2.085s] [ext: omni.kit.hotkeys.core-1.3.10] startup
[2.088s] [ext: omni.kit.property.adapter.fabric-1.0.3] startup
[2.089s] [ext: omni.usdphysics-106.5.7] startup
[2.094s] [ext: omni.kit.widget.path_field-2.0.11] startup
[2.095s] [ext: omni.kit.widget.options_menu-1.1.6] startup
[2.099s] [ext: omni.kit.helper.file_utils-0.1.9] startup
[2.100s] [ext: omni.kit.widget.browser_bar-2.0.10] startup
[2.101s] [ext: omni.kit.widget.options_button-1.0.3] startup
[2.102s] [ext: omni.kit.widget.filebrowser-2.10.52] startup
[2.106s] [ext: omni.kit.clipboard-1.0.5] startup
[2.107s] [ext: omni.graph.tools-1.79.1] startup
[2.125s] [ext: omni.ui.scene-1.11.2] startup
[2.131s] [ext: omni.graph.image.core-0.6.0] startup
[2.133s] [ext: omni.kit.window.filepicker-2.11.7] startup
[2.143s] [ext: omni.kit.widget.searchfield-1.1.8] startup
[2.144s] [ext: omni.graph.image.nodes-1.3.0] startup
[2.147s] [ext: omni.graph-1.140.2] startup
[2.177s] [ext: omni.kit.window.file_exporter-1.0.31] startup
[2.179s] [ext: omni.kit.widget.filter-1.1.4] startup
[2.181s] [ext: omni.physx.foundation-106.5.7] startup
[2.184s] [ext: omni.graph.nodes-1.162.1] startup
[2.207s] [ext: omni.kit.widget.stage-2.11.6] startup
[2.216s] [ext: omni.hydra.rtx.shadercache.vulkan-1.0.0] startup
[2.218s] [ext: omni.hydra.engine.stats-1.0.3] startup
[2.220s] [ext: omni.graph.action_core-1.1.7] startup
[2.223s] [ext: omni.kit.widget.highlight_label-1.0.3] startup
[2.224s] [ext: omni.ujitso.processor.texture-1.0.0] startup
[2.225s] [ext: omni.index.libs-380600.1777.0] startup
[2.225s] [ext: omni.kit.window.file_importer-1.1.14] startup
[2.226s] [ext: omni.kit.stage_template.core-1.1.22] startup
[2.227s] [ext: omni.volume-0.5.0] startup
[2.238s] [ext: omni.ujitso.client-0.0.0] startup
[2.239s] [ext: omni.index-1.0.1] startup
[2.240s] [ext: omni.kit.window.file-1.3.57] startup
[2.242s] [ext: omni.hydra.rtx-1.0.0] startup
2026-08-23 06:09:06 [2,234ms] [Warning] [omni.log] Source: omni.hydra was already registered.
[2.276s] [ext: omni.kit.viewport.registry-104.0.6] startup
[2.277s] [ext: omni.kit.viewport.legacy_gizmos-1.0.16] startup
[2.279s] [ext: omni.kit.raycast.query-1.0.5] startup
[2.283s] [ext: omni.kit.viewport.scene_camera_model-1.0.5] startup
[2.287s] [ext: omni.kit.hydra_texture-1.4.0] startup
[2.291s] [ext: omni.kit.menu.utils-1.7.7] startup
[2.295s] [ext: omni.kit.window.drop_support-1.0.4] startup
[2.296s] [ext: omni.kit.widget.viewport-107.0.7] startup
[2.300s] [ext: omni.kit.material.library-1.5.15] startup
[2.304s] [ext: omni.kit.window.content_browser_registry-0.0.6] startup
[2.306s] [ext: omni.kit.viewport.window-107.0.8] startup
[2.319s] [ext: omni.graph.action_nodes-1.40.1] startup
[2.323s] [ext: omni.kit.window.property-1.11.5] startup
[2.328s] [ext: omni.kit.window.content_browser-2.10.3] startup
[2.342s] [ext: omni.kit.property.adapter.usd-1.0.2] startup
[2.355s] [ext: omni.kit.viewport.utility-1.0.18] startup
[2.359s] [ext: omni.graph.action-1.120.0] startup
[2.360s] [ext: omni.kit.property.usd-4.2.16] startup
[2.370s] [ext: omni.physx.cooking-106.5.7] startup
[2.377s] [ext: omni.kit.widget.stage_icons-1.0.6] startup
[2.378s] [ext: omni.kit.widget.zoombar-1.0.5] startup
[2.379s] [ext: omni.physics.tensors-106.5.7] startup
[2.386s] [ext: omni.kit.widget.prompt-1.0.7] startup
[2.387s] [ext: omni.kit.usd.collect-2.2.22] startup
[2.389s] [ext: omni.physx-106.5.7] startup
[2.402s] [ext: omni.kit.window.stage-2.5.11] startup
[2.406s] [ext: omni.kit.browser.core-2.3.11] startup
[2.411s] [ext: omni.kit.widget.text_editor-1.0.2] startup
[2.413s] [ext: omni.physx.tensors-106.5.7] startup
[2.420s] [ext: omni.kit.tool.collect-2.2.16] startup
[2.422s] [ext: omni.kit.menu.stage-1.2.5] startup
[2.423s] [ext: omni.kit.browser.folder.core-1.10.1] startup
[2.429s] [ext: omni.warp-1.5.0] startup
[2.433s] [ext: isaacsim.examples.browser-0.1.8] startup
[2.437s] [ext: omni.physx.stageupdate-106.5.7] startup
[2.440s] [ext: omni.kit.numpy.common-0.1.2] startup
[2.442s] [ext: isaacsim.core.version-2.0.2] startup
[2.443s] [ext: omni.isaac.dynamic_control-1.3.15] startup
2026-08-23 06:09:06 [2,434ms] [Warning] [omni.isaac.dynamic_control] omni.isaac.dynamic_control is deprecated as of Isaac Sim 4.5. No action is needed from end-users.
[2.453s] [ext: isaacsim.storage.native-1.0.6] startup
[2.457s] [ext: omni.kit.menu.create-1.0.17] startup
[2.469s] [ext: isaacsim.core.utils-2.2.8] startup
[2.475s] [ext: omni.kit.widget.searchable_combobox-1.0.6] startup
[2.480s] [ext: omni.kit.primitive.mesh-1.0.17] startup
[2.487s] [ext: isaacsim.core.simulation_manager-0.3.3] startup
[3.692s] [ext: omni.kit.scripting-106.5.2] startup
[3.697s] [ext: omni.kit.stage_templates-1.2.6] startup
[3.700s] [ext: isaacsim.core.prims-0.3.7] startup
[3.713s] [ext: isaacsim.replicator.behavior-1.0.8] startup
[3.714s] [ext: isaacsim.core.api-4.2.16] startup
[3.724s] [ext: omni.ui_query-1.1.7] startup
[3.726s] [ext: omni.kit.manipulator.viewport-107.0.1] startup
[3.728s] [ext: omni.kit.ui_test-1.3.3] startup
[3.730s] [ext: omni.kit.window.extensions-1.4.25] startup
[3.737s] [ext: omni.graph.visualization.nodes-2.1.1] startup
[3.743s] [ext: omni.kit.tool.asset_importer-2.12.2] startup
[3.756s] [ext: isaacsim.gui.components-1.0.9] startup
[3.761s] [ext: omni.kit.widget.settings-1.2.2] startup
[3.765s] [ext: omni.kit.widget.graph-1.12.17] startup
[3.770s] [ext: omni.kit.window.preferences-1.7.0] startup
[3.776s] [ext: omni.kit.graph.delegate.default-1.2.2] startup
[3.777s] [ext: omni.kit.viewport.menubar.core-107.1.2] startup
[3.793s] [ext: omni.kit.widget.material_preview-1.0.16] startup
[3.795s] [ext: omni.kit.graph.usd.commands-1.3.1] startup
[3.796s] [ext: omni.kit.graph.editor.core-1.5.3] startup
[3.798s] [ext: omni.syntheticdata-0.6.10] startup
[3.821s] [ext: omni.kit.window.material_graph-1.8.19] startup
[3.849s] [ext: omni.graph.scriptnode-1.40.1] startup
[3.850s] [ext: isaacsim.core.cloner-1.3.4] startup
[3.852s] [ext: omni.replicator.core-1.11.35] startup
Warp 1.5.0 initialized:
   CUDA Toolkit 11.8, Driver 13.0
   Devices:
     "cpu"      : "x86_64"
     "cuda:0"   : "NVIDIA GeForce RTX 4090" (23 GiB, sm_89, mempool enabled)
   Kernel cache:
     /home/vislab/.cache/warp/1.5.0
2026-08-23 06:09:07 [3,927ms] [Warning] [omni.replicator.core.scripts.extension] No material configuration file, adding configuration to material settings directly.
[3.946s] [ext: omni.isaac.cloner-1.0.2] startup
2026-08-23 06:09:07 [3,931ms] [Warning] [omni.isaac.cloner] omni.isaac.cloner has been deprecated in favor of isaacsim.core.cloner. Please update your code accordingly.
[3.948s] [ext: isaacsim.core.nodes-2.1.4] startup
[3.957s] [ext: isaacsim.asset.importer.urdf-2.3.10] startup
[4.056s] [ext: omni.isaac.core-4.0.3] startup
2026-08-23 06:09:08 [4,041ms] [Warning] [omni.isaac.core.physics_context.physics_context] omni.isaac.core.physics_context.physics_context has been deprecated in favor of isaacsim.core.api.physics_context.physics_context. Please update your code accordingly.
2026-08-23 06:09:08 [4,042ms] [Warning] [omni.isaac.core.simulation_context.simulation_context] omni.isaac.core.simulation_context.simulation_context has been deprecated in favor of isaacsim.core.api.simulation_context.simulation_context. Please update your code accordingly.
2026-08-23 06:09:08 [4,042ms] [Warning] [omni.isaac.core.world.world] omni.isaac.core.world.world has been deprecated in favor of isaacsim.core.api.world.world. Please update your code accordingly.
2026-08-23 06:09:08 [4,042ms] [Warning] [omni.isaac.core] omni.isaac.core has been deprecated in favor of isaacsim.core.api. Please update your code accordingly.
[4.060s] [ext: omni.isaac.core_nodes-2.0.2] startup
2026-08-23 06:09:08 [4,050ms] [Warning] [omni.isaac.core_nodes] omni.isaac.core_nodes has been deprecated in favor of isaacsim.core.nodes. Please update your code accordingly.
[4.067s] [ext: omni.anim.curve.core-1.2.0] startup
[4.081s] [ext: isaacsim.robot_motion.lula-4.0.4] startup
[4.094s] [ext: isaacsim.asset.importer.mjcf-2.3.3] startup
[4.103s] [ext: isaacsim.robot_motion.motion_generation-8.0.6] startup
[4.115s] [ext: isaacsim.asset.browser-1.3.4] startup
[4.178s] [ext: isaacsim.robot.surface_gripper-2.0.6] startup
[4.182s] [ext: omni.kit.selection-0.1.5] startup
[4.184s] [ext: isaacsim.robot_motion.lula_test_widget-1.0.5] startup
[4.188s] [ext: omni.isaac.assets_check-0.3.9] startup
2026-08-23 06:09:08 [4,173ms] [Warning] [omni.isaac.assets_check] omni.isaac.assets_check has been deprecated in favor of isaacsim.asset.browser. Please update your code accordingly.
[4.190s] [ext: isaacsim.robot.manipulators-3.0.4] startup
[4.195s] [ext: isaacsim.sensors.physics-0.3.5] startup
[4.201s] [ext: isaacsim.gui.menu-2.0.9] startup
[4.214s] [ext: omni.isaac.lula_test_widget-1.0.2] startup
2026-08-23 06:09:08 [4,198ms] [Warning] [omni.isaac.lula_test_widget] omni.isaac.lula_test_widget has been deprecated in favor of isaacsim.robot_motion.lula_test_widget. Please update your code accordingly.
[4.215s] [ext: omni.sensors.nv.common-2.5.0-coreapi] startup
[4.257s] [ext: omni.isaac.manipulators-3.0.3] startup
2026-08-23 06:09:08 [4,241ms] [Warning] [omni.isaac.manipulators] omni.isaac.manipulators has been deprecated in favor of isaacsim.robot.manipulators. Please update your code accordingly.
2026-08-23 06:09:08 [4,241ms] [Warning] [omni.isaac.manipulators.controllers] omni.isaac.manipulators has been deprecated in favor of isaacsim.robot.manipulators. Please update your code accordingly.
2026-08-23 06:09:08 [4,241ms] [Warning] [omni.isaac.manipulators.controllers.pick_place_controller] omni.isaac.manipulators has been deprecated in favor of isaacsim.robot.manipulators. Please update your code accordingly.
2026-08-23 06:09:08 [4,242ms] [Warning] [omni.isaac.manipulators.controllers.stacking_controller] omni.isaac.manipulators has been deprecated in favor of isaacsim.robot.manipulators. Please update your code accordingly.
2026-08-23 06:09:08 [4,242ms] [Warning] [omni.isaac.manipulators.grippers] omni.isaac.manipulators has been deprecated in favor of isaacsim.robot.manipulators. Please update your code accordingly.
2026-08-23 06:09:08 [4,242ms] [Warning] [omni.isaac.manipulators.grippers.gripper] omni.isaac.manipulators has been deprecated in favor of isaacsim.robot.manipulators. Please update your code accordingly.
2026-08-23 06:09:08 [4,242ms] [Warning] [omni.isaac.manipulators.grippers.parallel_gripper] omni.isaac.manipulators has been deprecated in favor of isaacsim.robot.manipulators. Please update your code accordingly.
2026-08-23 06:09:08 [4,242ms] [Warning] [omni.isaac.manipulators.grippers.surface_gripper] omni.isaac.manipulators has been deprecated in favor of isaacsim.robot.manipulators. Please update your code accordingly.
2026-08-23 06:09:08 [4,242ms] [Warning] [omni.isaac.manipulators.manipulators] omni.isaac.manipulators has been deprecated in favor of isaacsim.robot.manipulators. Please update your code accordingly.
2026-08-23 06:09:08 [4,242ms] [Warning] [omni.isaac.manipulators.manipulators.single_manipulator] omni.isaac.manipulators has been deprecated in favor of isaacsim.robot.manipulators. Please update your code accordingly.
[4.261s] [ext: isaacsim.robot.policy.examples-4.0.3] startup
[4.262s] [ext: omni.isaac.menu-1.0.2] startup
2026-08-23 06:09:08 [4,245ms] [Warning] [omni.isaac.menu] omni.isaac.menu has been deprecated in favor of isaacsim.gui.menu. Please update your code accordingly.
[4.263s] [ext: omni.isaac.motion_generation-8.0.2] startup
2026-08-23 06:09:08 [4,248ms] [Warning] [omni.isaac.motion_generation] omni.isaac.motion_generation has been deprecated in favor of isaacsim.robot_motion.motion_generation. Please update your code accordingly.
2026-08-23 06:09:08 [4,248ms] [Warning] [omni.isaac.motion_generation.articulation_kinematics_solver] omni.isaac.motion_generation has been deprecated in favor of isaacsim.robot_motion.motion_generation. Please update your code accordingly.
2026-08-23 06:09:08 [4,248ms] [Warning] [omni.isaac.motion_generation.articulation_motion_policy] omni.isaac.motion_generation has been deprecated in favor of isaacsim.robot_motion.motion_generation. Please update your code accordingly.
2026-08-23 06:09:08 [4,248ms] [Warning] [omni.isaac.motion_generation.articulation_trajectory] omni.isaac.motion_generation has been deprecated in favor of isaacsim.robot_motion.motion_generation. Please update your code accordingly.
2026-08-23 06:09:08 [4,249ms] [Warning] [omni.isaac.motion_generation.kinematics_interface] omni.isaac.motion_generation has been deprecated in favor of isaacsim.robot_motion.motion_generation. Please update your code accordingly.
2026-08-23 06:09:08 [4,249ms] [Warning] [omni.isaac.motion_generation.lula] omni.isaac.motion_generation has been deprecated in favor of isaacsim.robot_motion.motion_generation. Please update your code accordingly.
2026-08-23 06:09:08 [4,249ms] [Warning] [omni.isaac.motion_generation.lula.kinematics] omni.isaac.motion_generation has been deprecated in favor of isaacsim.robot_motion.motion_generation. Please update your code accordingly.
2026-08-23 06:09:08 [4,249ms] [Warning] [omni.isaac.motion_generation.lula.motion_policies] omni.isaac.motion_generation has been deprecated in favor of isaacsim.robot_motion.motion_generation. Please update your code accordingly.
2026-08-23 06:09:08 [4,249ms] [Warning] [omni.isaac.motion_generation.lula.path_planners] omni.isaac.motion_generation has been deprecated in favor of isaacsim.robot_motion.motion_generation. Please update your code accordingly.
2026-08-23 06:09:08 [4,249ms] [Warning] [omni.isaac.motion_generation.lula.trajectory_generator] omni.isaac.motion_generation has been deprecated in favor of isaacsim.robot_motion.motion_generation. Please update your code accordingly.
2026-08-23 06:09:08 [4,250ms] [Warning] [omni.isaac.motion_generation.motion_policy_controller] omni.isaac.motion_generation has been deprecated in favor of isaacsim.robot_motion.motion_generation. Please update your code accordingly.
2026-08-23 06:09:08 [4,250ms] [Warning] [omni.isaac.motion_generation.motion_policy_interface] omni.isaac.motion_generation has been deprecated in favor of isaacsim.robot_motion.motion_generation. Please update your code accordingly.
2026-08-23 06:09:08 [4,250ms] [Warning] [omni.isaac.motion_generation.path_planner_visualizer] omni.isaac.motion_generation has been deprecated in favor of isaacsim.robot_motion.motion_generation. Please update your code accordingly.
2026-08-23 06:09:08 [4,250ms] [Warning] [omni.isaac.motion_generation.path_planning_interface] omni.isaac.motion_generation has been deprecated in favor of isaacsim.robot_motion.motion_generation. Please update your code accordingly.
2026-08-23 06:09:08 [4,250ms] [Warning] [omni.isaac.motion_generation.trajectory] omni.isaac.motion_generation has been deprecated in favor of isaacsim.robot_motion.motion_generation. Please update your code accordingly.
2026-08-23 06:09:08 [4,250ms] [Warning] [omni.isaac.motion_generation.world_interface] omni.isaac.motion_generation has been deprecated in favor of isaacsim.robot_motion.motion_generation. Please update your code accordingly.
[4.268s] [ext: omni.sensors.nv.materials-1.4.0-coreapi] startup
[4.278s] [ext: omni.isaac.nucleus-1.0.3] startup
2026-08-23 06:09:08 [4,261ms] [Warning] [omni.isaac.nucleus] omni.isaac.nucleus has been deprecated in favor of isaacsim.storage.native. Please update your code accordingly.
2026-08-23 06:09:08 [4,262ms] [Warning] [omni.isaac.nucleus.nucleus] omni.isaac.nucleus.nucleus has been deprecated in favor of isaacsim.storage.native. Please update your code accordingly.
[4.279s] [ext: omni.isaac.quadruped-3.0.2] startup
2026-08-23 06:09:08 [4,262ms] [Warning] [omni.isaac.quadruped] omni.isaac.quadruped has been deprecated in favor of isaacsim.robot.policy.examples. Please update your code accordingly.
[4.280s] [ext: omni.kit.manipulator.selector-1.1.1] startup
[4.282s] [ext: omni.sensors.nv.wpm-2.4.0-coreapi] startup
[4.292s] [ext: omni.sensors.nv.lidar-2.6.3-coreapi] startup
[4.313s] [ext: omni.sensors.nv.ids-1.4.0-coreapi] startup
[4.318s] [ext: isaacsim.robot.manipulators.examples-1.0.3] startup
[4.319s] [ext: isaacsim.util.debug_draw-2.0.2] startup
[4.323s] [ext: omni.sensors.tiled-0.0.6] startup
[4.327s] [ext: omni.sensors.nv.radar-2.6.1-coreapi] startup
[4.346s] [ext: omni.kit.widget.toolbar-1.7.3] startup
[4.352s] [ext: omni.kit.manipulator.transform-106.0.1] startup
[4.355s] [ext: isaacsim.sensors.physx-2.2.4] startup
[4.361s] [ext: isaacsim.sensors.rtx-13.6.3] startup
[4.370s] [ext: isaacsim.sensors.camera-0.2.9] startup
[4.381s] [ext: isaacsim.cortex.framework-1.0.2] startup
[4.384s] [ext: omni.kit.manipulator.tool.snap-1.5.12] startup
[4.394s] [ext: omni.isaac.range_sensor-4.0.2] startup
[4.396s] [ext: omni.isaac.surface_gripper-2.0.2] startup
2026-08-23 06:09:08 [4,380ms] [Warning] [omni.isaac.surface_gripper] omni.isaac.surface_gripper has been deprecated in favor of isaacsim.robot.surface_gripper. Please update your code accordingly.
[4.397s] [ext: omni.isaac.sensor-13.0.3] startup
2026-08-23 06:09:08 [4,382ms] [Warning] [omni.isaac.sensor] omni.isaac.sensor has been deprecated in favor of isaacsim.sensors.camera, isaacsim.sensors.physics, isaacsim.sensors.physx, and isaacsim.sensors.rtx. Please update your code accordingly.
2026-08-23 06:09:08 [4,382ms] [Warning] [omni.isaac.sensor.camera] omni.isaac.sensor.camera has been deprecated in favor of isaacsim.sensors.camera.camera. Please update your code accordingly.
2026-08-23 06:09:08 [4,382ms] [Warning] [omni.isaac.sensor.camera_view] omni.isaac.sensor.camera_view has been deprecated in favor of isaacsim.sensors.camera.camera_view. Please update your code accordingly.
2026-08-23 06:09:08 [4,382ms] [Warning] [omni.isaac.sensor.commands] omni.isaac.sensor.commands has been deprecated in favor of isaacsim.sensors.physics.commands, isaacsim.sensors.physx.commands, and isaacsim.sensors.rtx.commands. Please update your code accordingly.
2026-08-23 06:09:08 [4,382ms] [Warning] [omni.isaac.sensor.contact_sensor] omni.isaac.sensor.contact_sensor has been deprecated in favor of isaacsim.sensors.physics.contact_sensor. Please update your code accordingly.
2026-08-23 06:09:08 [4,383ms] [Warning] [omni.isaac.sensor.imu_sensor] omni.isaac.sensor.imu_sensor has been deprecated in favor of isaacsim.sensors.physics.imu_sensor. Please update your code accordingly.
2026-08-23 06:09:08 [4,383ms] [Warning] [omni.isaac.sensor.lidar_rtx] omni.isaac.sensor.lidar_rtx has been deprecated in favor of isaacsim.sensors.rtx.lidar_rtx. Please update your code accordingly.
2026-08-23 06:09:08 [4,383ms] [Warning] [omni.isaac.sensor.rotating_lidar_physX] omni.isaac.sensor.imu_sensor has been deprecated in favor of isaacsim.sensors.physix.rotating_lidar_physX. Please update your code accordingly.
2026-08-23 06:09:08 [4,383ms] [Warning] [omni.isaac.sensor.scripts.samples.contact_sensor] omni.isaac.sensor.scripts.samples.contact_sensor has been deprecated in favor of isaacsim.sensors.physics.scripts.samples.contact_sensor. Please update your code accordingly.
2026-08-23 06:09:08 [4,384ms] [Warning] [omni.isaac.sensor.scripts.samples.imu_sensor] omni.isaac.sensor.scripts.samples.imu_sensor has been deprecated in favor of isaacsim.sensors.physics.scripts.samples.imu_sensor. Please update your code accordingly.
2026-08-23 06:09:08 [4,384ms] [Warning] [omni.isaac.sensor.scripts.samples.lightbeam_sensor] omni.isaac.sensor.scripts.samples.lightbeam_sensor has been deprecated in favor of isaacsim.sensors.physx.scripts.samples.lightbeam_sensor. Please update your code accordingly.
[4.401s] [ext: omni.isaac.cortex-1.0.2] startup
2026-08-23 06:09:08 [4,386ms] [Warning] [omni.isaac.cortex] omni.isaac.cortex has been deprecated in favor of isaacsim.cortex.framework. Please update your code accordingly.
[4.403s] [ext: omni.kit.viewport.manipulator.transform-107.0.4] startup
[4.411s] [ext: omni.debugdraw-0.1.3] startup
[4.416s] [ext: omni.isaac.universal_robots-1.0.2] startup
2026-08-23 06:09:08 [4,400ms] [Warning] [omni.isaac.universal_robots] omni.isaac.universal_robots has been deprecated in favor of isaacsim.robot.manipulators.examples.universal_robots. Please update your code accordingly.
2026-08-23 06:09:08 [4,400ms] [Warning] [omni.isaac.universal_robots.kinematics_solver] omni.isaac.franka has been deprecated in favor of isaacsim.robot.manipulators.examples.universal_robots. Please update your code accordingly.
2026-08-23 06:09:08 [4,401ms] [Warning] [omni.isaac.universal_robots.ur10] omni.isaac.franka has been deprecated in favor of isaacsim.robot.manipulators.examples.universal_robots. Please update your code accordingly.
[4.418s] [ext: omni.isaac.utils-2.0.2] startup
[4.421s] [ext: omni.kit.manipulator.prim.core-107.0.7] startup
[4.428s] [ext: omni.fabric.commands-1.1.5] startup
[4.432s] [ext: omni.kit.manipulator.selection-106.0.1] startup
[4.434s] [ext: omni.kit.viewport.actions-107.0.0] startup
[4.438s] [ext: omni.kit.manipulator.prim.usd-107.0.3] startup
[4.439s] [ext: omni.kit.manipulator.prim.fabric-107.0.4] startup
[4.441s] [ext: isaacsim.cortex.behaviors-2.0.3] startup
[4.442s] [ext: omni.kit.widget.layers-1.8.2] startup
[4.453s] [ext: omni.kit.viewport.menubar.display-107.0.3] startup
[4.455s] [ext: omni.kit.manipulator.prim-107.0.0] startup
[4.455s] [ext: omni.isaac.cortex.sample_behaviors-2.0.2] startup
2026-08-23 06:09:08 [4,438ms] [Warning] [omni.isaac.cortex.sample_behaviors] omni.isaac.cortex.sample_behaviors has been deprecated in favor of isaacsim.cortex.behaviors. Please update your code accordingly.
[4.456s] [ext: omni.graph.ui_nodes-1.40.1] startup
[4.461s] [ext: omni.usdphysics.ui-106.5.7] startup
[4.482s] [ext: omni.physx.commands-106.5.7] startup
[4.485s] [ext: omni.kit.property.camera-1.0.9] startup
[4.487s] [ext: omni.hydra.scene_api-0.1.2] startup
[4.492s] [ext: omni.kit.property.geometry-1.3.3] startup
[4.495s] [ext: omni.kit.property.light-1.0.11] startup
[4.497s] [ext: omni.physx.ui-106.5.7] startup
[4.520s] [ext: omni.kit.property.material-1.10.17] startup
[4.526s] [ext: omni.kit.property.render-1.1.3] startup
[4.527s] [ext: omni.kit.property.transform-1.5.10] startup
[4.531s] [ext: omni.kit.property.audio-1.0.16] startup
[4.533s] [ext: isaacsim.gui.property-1.0.4] startup
[4.536s] [ext: omni.physx.demos-106.5.7] startup
[4.560s] [ext: omni.kit.property.physx-106.5.7] startup
[4.592s] [ext: omni.isaac.lula-4.0.2] startup
2026-08-23 06:09:08 [4,577ms] [Warning] [omni.isaac.lula] omni.isaac.lula has been deprecated in favor of isaacsim.robot_motion.lula. Please update your code accordingly.
[4.594s] [ext: omni.kit.property.bundle-1.3.2] startup
[4.596s] [ext: omni.kit.property.isaac-1.0.2] startup
2026-08-23 06:09:08 [4,580ms] [Warning] [omni.kit.property.isaac] omni.kit.property.isaac has been deprecated in favor of isaacsim.gui.property. Please update your code accordingly.
2026-08-23 06:09:08 [4,580ms] [Warning] [omni.kit.property.isaac.widgets] omni.kit.property.isaac.widgets has been deprecated in favor of isaacsim.gui.property.widgets. Please update your code accordingly.
[4.597s] [ext: omni.physx.vehicle-106.5.7] startup
[4.615s] [ext: omni.kit.viewport.menubar.camera-107.0.2] startup
[4.621s] [ext: omni.kit.viewport.menubar.lighting-106.0.2] startup
[4.623s] [ext: omni.kit.viewport.menubar.render-107.0.8] startup
[4.626s] [ext: omni.kit.viewport.menubar.settings-107.0.3] startup
[4.629s] [ext: omni.kit.window.console-0.2.14] startup
[4.636s] [ext: omni.physx.camera-106.5.7] startup
[4.645s] [ext: omni.kit.window.toolbar-1.6.2] startup
[4.648s] [ext: omni.isaac.version-2.0.2] startup
2026-08-23 06:09:08 [4,631ms] [Warning] [omni.isaac.version] omni.isaac.version has been deprecated in favor of isaacsim.core.version. Please update your code accordingly.
[4.649s] [ext: isaacsim.robot.wheeled_robots-4.0.3] startup
[4.655s] [ext: omni.physx.cct-106.5.7] startup
[4.671s] [ext: omni.physx.graph-106.5.7] startup
[4.691s] [ext: isaacsim.replicator.writers-1.0.1] startup
[4.718s] [ext: omni.physx.supportui-106.5.7] startup
[4.735s] [ext: omni.physx.telemetry-106.5.7] startup
[4.739s] [ext: omni.isaac.wheeled_robots-3.0.3] startup
2026-08-23 06:09:08 [4,723ms] [Warning] [omni.isaac.wheeled_robots] omni.isaac.wheeled_robots has been deprecated in favor of isaacsim.robot.wheeled_robots. Please update your code accordingly.
2026-08-23 06:09:08 [4,723ms] [Warning] [omni.isaac.wheeled_robots.controllers] omni.isaac.wheeled_robots has been deprecated in favor of isaacsim.robot.wheeled_robots. Please update your code accordingly.
2026-08-23 06:09:08 [4,723ms] [Warning] [omni.isaac.wheeled_robots.controllers.ackermann_controller] omni.isaac.wheeled_robots has been deprecated in favor of isaacsim.robot.wheeled_robots. Please update your code accordingly.
2026-08-23 06:09:08 [4,723ms] [Warning] [omni.isaac.wheeled_robots.controllers.differential_controller] omni.isaac.wheeled_robots has been deprecated in favor of isaacsim.robot.wheeled_robots. Please update your code accordingly.
2026-08-23 06:09:08 [4,723ms] [Warning] [omni.isaac.wheeled_robots.controllers.holonomic_controller] omni.isaac.wheeled_robots has been deprecated in favor of isaacsim.robot.wheeled_robots. Please update your code accordingly.
2026-08-23 06:09:08 [4,724ms] [Warning] [omni.isaac.wheeled_robots.controllers.quintic_path_planner] omni.isaac.wheeled_robots has been deprecated in favor of isaacsim.robot.wheeled_robots. Please update your code accordingly.
2026-08-23 06:09:08 [4,724ms] [Warning] [omni.isaac.wheeled_robots.controllers.stanley_control] omni.isaac.wheeled_robots has been deprecated in favor of isaacsim.robot.wheeled_robots. Please update your code accordingly.
2026-08-23 06:09:08 [4,724ms] [Warning] [omni.isaac.wheeled_robots.controllers.wheel_base_pose_controller] omni.isaac.wheeled_robots has been deprecated in favor of isaacsim.robot.wheeled_robots. Please update your code accordingly.
2026-08-23 06:09:08 [4,724ms] [Warning] [omni.isaac.wheeled_robots.impl] omni.isaac.wheeled_robots has been deprecated in favor of isaacsim.robot.wheeled_robots. Please update your code accordingly.
2026-08-23 06:09:08 [4,724ms] [Warning] [omni.isaac.wheeled_robots.robots] omni.isaac.wheeled_robots has been deprecated in favor of isaacsim.robot.wheeled_robots. Please update your code accordingly.
2026-08-23 06:09:08 [4,724ms] [Warning] [omni.isaac.wheeled_robots.robots.holonomic_robot_usd_setup] omni.isaac.wheeled_robots has been deprecated in favor of isaacsim.robot.wheeled_robots. Please update your code accordingly.
2026-08-23 06:09:08 [4,724ms] [Warning] [omni.isaac.wheeled_robots.robots.wheeled_robot] omni.isaac.wheeled_robots has been deprecated in favor of isaacsim.robot.wheeled_robots. Please update your code accordingly.
[4.742s] [ext: omni.isaac.franka-1.0.2] startup
2026-08-23 06:09:08 [4,727ms] [Warning] [omni.isaac.franka] omni.isaac.franka has been deprecated in favor of isaacsim.robot.manipulators.examples.franka. Please update your code accordingly.
2026-08-23 06:09:08 [4,727ms] [Warning] [omni.isaac.franka.franka] omni.isaac.franka has been deprecated in favor of isaacsim.robot.manipulators.examples.franka. Please update your code accordingly.
2026-08-23 06:09:08 [4,728ms] [Warning] [omni.isaac.franka.kinematics_solver] omni.isaac.franka has been deprecated in favor of isaacsim.robot.manipulators.examples.franka. Please update your code accordingly.
[4.745s] [ext: isaacsim.replicator.domain_randomization-1.0.2] startup
[4.749s] [ext: isaacsim.replicator.examples-1.1.2] startup
[4.752s] [ext: omni.kit.window.status_bar-0.1.7] startup
[4.759s] [ext: omni.rtx.window.settings-0.6.17] startup
[4.771s] [ext: omni.usd.metrics.assembler-106.5.0] startup
[4.780s] [ext: omni.physx.bundle-106.5.7] startup
[4.780s] [ext: isaacsim.app.about-2.0.7] startup
[4.781s] [ext: omni.replicator.isaac-2.0.3] startup
2026-08-23 06:09:08 [4,764ms] [Warning] [omni.replicator.isaac] omni.replicator.isaac has been deprecated in favor of isaacsim.replicator.domain_randomization, isaacsim.replicator.examples, isaacsim.replicator.writers. Please update your code accordingly.
[4.781s] [ext: omni.replicator.replicator_yaml-2.0.10] startup
[4.793s] [ext: omni.rtx.settings.core-0.6.3] startup
[4.799s] [ext: omni.usd.metrics.assembler.ui-106.5.0] startup
[4.802s] [ext: isaacsim.simulation_app-2.4.2] startup
[4.803s] [ext: omni.isaac.window.about-2.0.2] startup
2026-08-23 06:09:08 [4,787ms] [Warning] [omni.isaac.window.about] omni.isaac.window.about has been deprecated in favor of isaacsim.app.about. Please update your code accordingly.
2026-08-23 06:09:08 [4,787ms] [Warning] [omni.isaac.window.about.about] omni.isaac.window.about.about has been deprecated in favor of isaacsim.app.about.about. Please update your code accordingly.
[4.804s] [ext: semantics.schema.editor-0.3.10] startup
[4.806s] [ext: omni.kit.ui.actions-1.0.2] startup
[4.807s] [ext: semantics.schema.property-1.0.5] startup
[4.809s] [ext: omni.kit.manipulator.camera-106.0.3] startup
[4.812s] [ext: omni.isaac.kit-2.0.3] startup
2026-08-23 06:09:08 [4,795ms] [Warning] [omni.isaac.kit] omni.isaac.kit has been deprecated in favor of isaacsim.simulation_app. Please update your code accordingly.
[4.813s] [ext: omni.isaac.asset_browser-1.0.2] startup
2026-08-23 06:09:08 [4,796ms] [Warning] [omni.isaac.asset_browser] omni.isaac.asset_browser has been deprecated in favor of isaacsim.asset.browser. Please update your code accordingly.
[4.813s] [ext: isaacsim.core.throttling-2.0.2] startup
[4.815s] [ext: omni.kit.menu.common-1.1.9] startup
[4.817s] [ext: isaacsim.exp.base-4.5.0] startup
[4.817s] [ext: isaacsim.exp.base.python-4.5.0] startup
[4.818s] Simulation App Starting
[5.225s] app ready
2026-08-23 06:09:09 [5,309ms] [Warning] [rtx.scenedb.plugin] SceneDbContext : TLAS limit buffer size 7508933632
2026-08-23 06:09:09 [5,309ms] [Warning] [rtx.scenedb.plugin] SceneDbContext : TLAS limit : valid false, within: false
2026-08-23 06:09:09 [5,309ms] [Warning] [rtx.scenedb.plugin] SceneDbContext : TLAS limit : decrement: 167690, decrement size: 7433845248
2026-08-23 06:09:09 [5,309ms] [Warning] [rtx.scenedb.plugin] SceneDbContext : New limit 9574251 (slope: 447, intercept: 13179904)
2026-08-23 06:09:09 [5,309ms] [Warning] [rtx.scenedb.plugin] SceneDbContext : TLAS limit buffer size 4287216384
2026-08-23 06:09:09 [5,309ms] [Warning] [rtx.scenedb.plugin] SceneDbContext : TLAS limit : valid true, within: true
2026-08-23 06:09:09 [5,425ms] [Warning] [omni.usd-abi.plugin] No setting was found for '/rtx-defaults-transient/meshlights/forceDisable'
2026-08-23 06:09:09 [5,494ms] [Warning] [omni.usd-abi.plugin] No setting was found for '/rtx-defaults/post/dlss/execMode'
[7.715s] Simulation App Startup Complete
[씬] 재질·지오메트리 조립 중 ...
[curb] arris role check: (True, 0.01, "LOOK_CLASS['curb'].bevel = 10.0 mm (요구 10.0 mm)")
[curb] N len 16.00 m · blocks 13 @ 1.231 m · top z +0.000 · gt_drop 0.150 · prims 14 (0.88/m) · warnings []
[curb] S len 16.00 m · blocks 13 @ 1.231 m · top z +0.000 · gt_drop 0.150 · prims 14 (0.88/m) · warnings []
[backdrop] R1 axis y W  26.0 shell h 15.00 · ridge 15.27 · kind k5p / tier near · d_true  12.25 m · in_frame True  · z_ceil 2.02 · sky above roof False · prims 50 · 처마 14.37 · 7련 · 창 25 · 개구율 0.282
[backdrop] L1 axis y W  18.0 shell h 11.30 · ridge 11.57 · kind k5p / tier near · d_true   7.75 m · in_frame True  · z_ceil 1.39 · sky above roof False · prims 33 · 처마 10.67 · 5련 · 창 12 · 개구율 0.312
[backdrop] E1 axis x W  38.0 shell h 12.50 · ridge 14.77 · kind office / tier far · d_true 111.67 m · in_frame True  · z_ceil 15.99 · sky above roof True  · prims 7
[backdrop] E2 axis x W  38.0 shell h 11.00 · ridge 13.27 · kind office / tier far · d_true 111.94 m · in_frame True  · z_ceil 16.03 · sky above roof True  · prims 7
[backdrop] N1 axis y W  56.0 shell h  9.00 · ridge 11.27 · kind backdrop / tier far · d_true  64.75 m · in_frame False · z_ceil 9.40 · sky above roof True  · prims 3
[backdrop] S1 axis y W  56.0 shell h  8.00 · ridge 10.27 · kind backdrop / tier far · d_true  61.25 m · in_frame False · z_ceil 8.91 · sky above roof True  · prims 3
[backdrop] W1 axis x W  44.0 shell h 11.00 · ridge 13.27 · kind backdrop / tier silhouette · d_true  86.73 m · in_frame False · z_ceil 12.49 · sky above roof True  · prims 3
[backdrop] W2 axis x W  44.0 shell h 11.50 · ridge 13.77 · kind backdrop / tier silhouette · d_true  87.62 m · in_frame False · z_ceil 12.61 · sky above roof True  · prims 3
[backdrop] NW axis y W  32.0 shell h 10.50 · ridge 12.77 · kind office / tier far · d_true  65.78 m · in_frame False · z_ceil 9.55 · sky above roof True  · prims 6
[backdrop] SW axis y W  32.0 shell h 10.00 · ridge 12.27 · kind office / tier far · d_true  59.19 m · in_frame False · z_ceil 8.62 · sky above roof True  · prims 6
[backdrop] 10동 121 프림 · 개구부 보유 6동 · 지붕선 위 하늘 8/10 · 초과 [('R1', 15.27, 2.02), ('L1', 11.57, 1.39)]
[lawn] 교목 22주 · elm 단일종 · 피치 8.0 m · 2열
[gkit] 맨홀 유도 00H(-11.50,+4.60) head · 01V(-1.60,+4.60) vertex
    [GT-107 데칼 정온] surface 'crack' 미발행 (plaza_granite/scene01) — NEGOBS_DECAL_FULL=1 로 복원
    [GT-107 데칼 정온] surface 'stain' 미발행 (plaza_granite/scene01) — NEGOBS_DECAL_FULL=1 로 복원
[ground_kit][경고] 역할-재질 접힘: ['crack', 'granite_dark', 'joint', 'patch_cut'] (4개 역할이 같은 재질 — 줄눈·맨홀·마킹이 한 장으로 렌더된다. GT-123 분리 후보)
[ground_kit] scene01 P1 · prims 14 · delta_max 0.0085 · unit_cell (0.6, (0.0, 0.0), '판석 모듈 600 [규격]')
[룩v1] 산포 상한: /World/Scene01/Litter_Plaza 목표피복 0.01 → 100개 필요, 60개로 자름(실제 피복 0.01)
[litter] 낙엽 73개 (가을 · G1)
[하늘] noon: qwantani_noon_puresky_4k_lookfix_cap0.6.exr (exists=True)
[data] AABB world 370 prims · gy -2.75
[data] viewport camera /OmniverseKit_Persp -> /World/DataCam
2026-08-23 06:09:16 [12,780ms] [Warning] [omni.hydra.scene_delegate.plugin] Calling getBypassRenderSkelMeshProcessing for prim /World/Scene01/Litter_Tread/Deb_0/Asset.proto_oakfall2_id0 that has not been populated
2026-08-23 06:09:17 [12,995ms] [Warning] [omni.syntheticdata.plugin] OgnSdPostRenderVarToHost : rendervar copy from texture directly to host buffer is counter-performant. Please use copy from texture to device buffer first.
[sidecar] depth distance_to_image_plane attached to /World/DataCam 1920x1080
[sidecar] idseg instance_id_segmentation attached (shares the depth render product)
[sidecar] heightmap scene01: 103041/103041 cells, z -0.6..6.0, oracle None, 0.1 s
[data] scene01 cond L0 dome 1000.0 sun 2450.0 elev 49.83 angle 0.53 evc -0.00
[data] scene01 L0 1/1 (5s)
[sidecar] idseg annotator torn down
2026-08-23 06:09:28 [24,883ms] [Warning] [omni.fabric.plugin] removePath called on non-existent path /Render/OmniverseKit/HydraTextures/Replicator/PostRender/SDGPipeline/Replicator_InstanceMappingPost 

[sidecar] depth annotator torn down
[render] scene01 exit=0 cuts=1 27s (27.26 s/cut)

=== 260823_v3p5_segsmoke_A: 1 cuts total, this pass 0.5 min · per-scene s/cut {'scene01': 27.262} vs SP-3's 2.87 s ===
[2026-08-23 15:09:31] p5 seg smoke rc=0
=== P5 SEG SMOKE VERDICT ===
pngs      : 1 ['L0__s20260823__0000.png']
idseg npz : 1 ['L0__s20260823__0000.idseg.npz']
shape (1080, 1920) dtype uint16 unique ids 100
npz bytes 48438
idToLabels entries 491
    87 -> /World/Scene01/UpperPlaza
    331 -> /World/Scene01/Band_0
    252 -> /World/Scene01/Band_1
    210 -> /World/Scene01/Band_2
    196 -> /World/Scene01/Band_3
    205 -> /World/Scene01/Band_4
    257 -> /World/Scene01/Step_1
    237 -> /World/Scene01/Step_2
    113 -> /World/Scene01/Step_3
    83 -> /World/Scene01/Step_4
    89 -> /World/Scene01/LowerPlaza
    152 -> /World/Scene01/FlankWall_P
cue-ish prim paths found: 39 ['/World/Scene01/Rail_0/RailTopExt', '/World/Scene01/Rail_0/RailTopSlope', '/World/Scene01/Rail_0/RailMidExt', '/World/Scene01/Rail_0/RailMidSlope', '/World/Scene01/Rail_0/Bal_0', '/World/Scene01/Rail_0/Bal_1']
RESULT: PASS
